Microchip MPLAB XC8 Compiler V1.41 ()

Linker command line:

-W-3 --edf=F:\Program Files (x86)\Microchip\xc8\v1.41\dat\en_msgs.txt -cs \
  -h+dist/default/production\NojentOS.X.production.sym \
  --cmf=dist/default/production\NojentOS.X.production.cmf -z -Q18LF4520 \
  -oC:\Users\leonardo\AppData\Local\Temp\s5o4.2 \
  -Mdist/default/production/NojentOS.X.production.map -E1 -ver=XC8 \
  -ASTACK=0275h-05ffh -pstack=STACK -ACODE=00h-07FFFh -ACONST=00h-07FFFh \
  -ASMALLCONST=0600h-06FFhx122 -AMEDIUMCONST=0600h-07FFFh -ACOMRAM=01h-07Fh \
  -AABS1=00h-05FFh -ABIGRAM=01h-05FFh -ARAM=080h-0FFh,0100h-01FFhx5 \
  -ABANK0=080h-0FFh -ABANK1=0100h-01FFh -ABANK2=0200h-02FFh \
  -ABANK3=0300h-03FFh -ABANK4=0400h-04FFh -ABANK5=0500h-05FFh \
  -ASFR=0F80h-0FFFh -preset_vec=00h,intcode=08h,intcodelo,powerup,init \
  -pramtop=0600h -psmallconst=SMALLCONST -pmediumconst=MEDIUMCONST \
  -pconst=CONST -AFARRAM=00h-00h -ACONFIG=0300000h-030000Dh -pconfig=CONFIG \
  -AIDLOC=0200000h-0200007h -pidloc=IDLOC -AEEDATA=0F00000h-0F000FFh \
  -peeprom_data=EEDATA \
  -prdata=COMRAM,nvrram=COMRAM,nvbit=COMRAM,rbss=COMRAM,rbit=COMRAM \
  -pfarbss=FARRAM,fardata=FARRAM,nvFARRAM=FARRAM \
  -pintsave_regs=BIGRAM,bigbss=BIGRAM,bigdata=BIGRAM -pbss=RAM \
  -pidata=CODE,irdata=CODE,ibigdata=CODE,ifardata=CODE -prparam=COMRAM \
  C:\Users\leonardo\AppData\Local\Temp\s5o4.obj \
  dist/default/production\NojentOS.X.production.obj 

Object code version is 3.11

Machine type is 18LF4520

Call graph: (short form)




                Name                               Link     Load   Length Selector   Space Scale
C:\Users\leonardo\AppData\Local\Temp\s5o4.obj
                init                                 8E       8E        4        4       0
                reset_vec                             0        0        4        0       0
                idloc                            200000   200000        8   200000       0
                config                           300000   300000        E   300000       0
dist/default/production\NojentOS.X.production.obj
                intcode                               8        8       86        4       0
                temp                                 6F       6F        1        1       1
                text28                              C56      C56       66        4       0
                text27                              E58      E58       26        4       0
                text26                              7E0      7E0       B0        4       0
                text25                               92       92      520        4       0
                text24                              EFA      EFA        C        4       0
                text22                              D4A      D4A       38        4       0
                text21                              CBC      CBC       50        4       0
                text20                              D0C      D0C       3E        4       0
                text19                              E7E      E7E       22        4       0
                text18                              ADA      ADA       84        4       0
                text17                              E32      E32       26        4       0
                text16                              928      928       98        4       0
                text15                              F10      F10        A        4       0
                text14                              890      890       98        4       0
                text13                              9C0      9C0       94        4       0
                text12                              E0C      E0C       26        4       0
                text11                              DE2      DE2       2A        4       0
                text10                              EDE      EDE       10        4       0
                text9                               ECC      ECC       12        4       0
                text8                               EB6      EB6       16        4       0
                text7                               F06      F06        A        4       0
                text6                               EEE      EEE        C        4       0
                text5                               BDA      BDA       7C        4       0
                text4                               A54      A54       86        4       0
                text3                               D82      D82       36        4       0
                text2                               5B2      5B2      22E        4       0
                text1                               EA0      EA0       16        4       0
                text0                               B5E      B5E       7C        4       0
                cstackCOMRAM                         3C       3C       33        1       1
                cstackBANK0                          80       80       2D       80       1
                bssBIGRAM                            AD       AD      1C8       AD       1
                bssCOMRAM                             1        1       3B        1       1
                cinit                               DB8      DB8       2A        4       0

TOTAL           Name                               Link     Load   Length     Space
        CLASS   STACK          

        CLASS   CODE           
                intcode                               8        8       86         0
                init                                 8E       8E        4         0
                reset_vec                             0        0        4         0
                text28                              C56      C56       66         0
                text27                              E58      E58       26         0
                text26                              7E0      7E0       B0         0
                text25                               92       92      520         0
                text24                              EFA      EFA        C         0
                text22                              D4A      D4A       38         0
                text21                              CBC      CBC       50         0
                text20                              D0C      D0C       3E         0
                text19                              E7E      E7E       22         0
                text18                              ADA      ADA       84         0
                text17                              E32      E32       26         0
                text16                              928      928       98         0
                text15                              F10      F10        A         0
                text14                              890      890       98         0
                text13                              9C0      9C0       94         0
                text12                              E0C      E0C       26         0
                text11                              DE2      DE2       2A         0
                text10                              EDE      EDE       10         0
                text9                               ECC      ECC       12         0
                text8                               EB6      EB6       16         0
                text7                               F06      F06        A         0
                text6                               EEE      EEE        C         0
                text5                               BDA      BDA       7C         0
                text4                               A54      A54       86         0
                text3                               D82      D82       36         0
                text2                               5B2      5B2      22E         0
                text1                               EA0      EA0       16         0
                text0                               B5E      B5E       7C         0
                cinit                               DB8      DB8       2A         0

        CLASS   CONST          

        CLASS   SMALLCONST     

        CLASS   MEDIUMCONST    

        CLASS   COMRAM         
                temp                                 6F       6F        1         1
                cstackCOMRAM                         3C       3C       33         1
                bssCOMRAM                             1        1       3B         1

        CLASS   ABS1           

        CLASS   BIGRAM         
                bssBIGRAM                            AD       AD      1C8         1

        CLASS   RAM            

        CLASS   BANK0          
                cstackBANK0                          80       80       2D         1

        CLASS   BANK1          

        CLASS   BANK2          

        CLASS   BANK3          

        CLASS   BANK4          

        CLASS   BANK5          

        CLASS   SFR            

        CLASS   FARRAM         

        CLASS   CONFIG         
                config                           300000   300000        E         0

        CLASS   IDLOC          
                idloc                            200000   200000        8         0

        CLASS   EEDATA         



SEGMENTS        Name                           Load    Length   Top    Selector   Space  Class

                reset_vec                      000000  000004  000004         0       0  CODE    
                bssCOMRAM                      000001  00006F  000070         1       1  COMRAM  
                intcode                        000008  000F12  000F1A         4       0  CODE    
                cstackBANK0                    000080  00002D  0000AD        80       1  BANK0   
                bssBIGRAM                      0000AD  0001C8  000275        AD       1  BIGRAM  
                idloc                          200000  000008  200008    200000       0  IDLOC   
                config                         300000  00000E  30000E    300000       0  CONFIG  


UNUSED ADDRESS RANGES

        Name                Unused          Largest block    Delta
        BANK2            000275-0002FF               8B
        BANK3            000300-0003FF              100
        BANK4            000400-0004FF              100
        BANK5            000500-0005FF              100
        BIGRAM           000070-00007F               10
                         000275-0005FF              38B
        CODE             000004-000007                4
                         000F1A-007FFF             70E6
        COMRAM           000070-00007F               10
        CONST            000004-000007                4
                         000F1A-007FFF             70E6
        EEDATA           F00000-F000FF              100
        MEDIUMCONST      000F1A-007FFF             70E6
        RAM              000275-0005FF              100
        SFR              000F80-000FFF               80
        SMALLCONST       000F1A-007FFF              100
        STACK            000275-0005FF              38B

                                  Symbol Table

?_LerADC                               cstackCOMRAM 00003E
?_RR_scheduler                         cstackCOMRAM 000045
?___awdiv                              cstackCOMRAM 000044
?___llmod                              cstackCOMRAM 00003C
?___wmul                               cstackBANK0  000099
?_map                                  cstackBANK0  000080
?_nojoTaskIdle                         cstackCOMRAM 00003C
?_pisca_led_green                      cstackCOMRAM 00003C
?_pisca_led_yellow                     cstackCOMRAM 00003C
?_verificarInput                       cstackCOMRAM 00003C
?i1___wmul                             cstackCOMRAM 00003E
?i2___wmul                             cstackCOMRAM 00003C
LerADC@temp                            cstackCOMRAM 000042
PWM1_value@resistencia                 cstackCOMRAM 000040
PWM1_value@velocidade                  cstackCOMRAM 00003E
RR_scheduler@i                         cstackCOMRAM 00004D
RR_scheduler@installed                 cstackCOMRAM 000049
RR_scheduler@pos_next_task             cstackCOMRAM 000051
_ADCON0                                (abs)        000FC2
_ADCON0bits                            (abs)        000FC2
_ADCON1                                (abs)        000FC1
_ADCON2                                (abs)        000FC0
_ADRESH                                (abs)        000FC4
_ADRESL                                (abs)        000FC3
_CCP1CON                               (abs)        000FBD
_CCP2CON                               (abs)        000FBA
_CCPR1L                                (abs)        000FBE
_CCPR2L                                (abs)        000FBB
_F_APTOS                               bssBIGRAM    0000AD
_INTCONbits                            (abs)        000FF2
_Inicializa_ADC                        text9        000ECC
_Init_PWM_AD                           text7        000F06
_LATAbits                              (abs)        000F89
_LerADC                                text19       000E7E
_PORTAbits                             (abs)        000F80
_PORTB                                 (abs)        000F81
_PORTCbits                             (abs)        000F82
_PORTD                                 (abs)        000F83
_PR2                                   (abs)        000FCB
_PWM1_Init                             text8        000EB6
_PWM1_value                            text15       000F10
_Q_DELAY                               bssCOMRAM    000020
_RR_scheduler                          text26       0007E0
_STKPTR                                (abs)        000FFC
_T0CONbits                             (abs)        000FD5
_T2CON                                 (abs)        000FCA
_TMR0                                  (abs)        000FD6
_TMR0ON                                (abs)        007EAF
_TOSH                                  (abs)        000FFE
_TOSL                                  (abs)        000FFD
_TOSU                                  (abs)        000FFF
_TRISAbits                             (abs)        000F92
_TRISB                                 (abs)        000F93
_TRISC                                 (abs)        000F94
_TRISCbits                             (abs)        000F94
_TRISD                                 (abs)        000F95
__CFG_OSC$HS                           (abs)        000000
__CFG_WDT$OFF                          (abs)        000000
__HRAM                                 (abs)        000000
__Habs1                                abs1         000000
__Hbank0                               bank0        000000
__Hbank1                               bank1        000000
__Hbank2                               bank2        000000
__Hbank3                               bank3        000000
__Hbank4                               bank4        000000
__Hbank5                               bank5        000000
__Hbigbss                              bigbss       000000
__Hbigdata                             bigdata      000000
__Hbigram                              bigram       000000
__Hbss                                 bss          000000
__HbssBIGRAM                           bssBIGRAM    000000
__HbssCOMRAM                           bssCOMRAM    000000
__Hcinit                               cinit        000000
__Hclrtext                             clrtext      000000
__Hcomram                              comram       000000
__Hconfig                              config       30000E
__Hconst                               const        000000
__HcstackBANK0                         cstackBANK0  000000
__HcstackCOMRAM                        cstackCOMRAM 000000
__Hdata                                data         000000
__Heeprom_data                         eeprom_data  000000
__Hfarbss                              farbss       000000
__Hfardata                             fardata      000000
__Hibigdata                            ibigdata     000000
__Hidata                               idata        000000
__Hidloc                               idloc        200008
__Hifardata                            ifardata     000000
__Hinit                                init         000092
__Hintcode                             intcode      00008E
__Hintcode_body                        intcode_body 000000
__Hintcodelo                           intcodelo    00008E
__Hintentry                            intentry     000000
__Hintret                              intret       000000
__Hintsave_regs                        intsave_regs 000000
__Hirdata                              irdata       000000
__Hmediumconst                         mediumconst  000000
__HnvFARRAM                            nvFARRAM     000000
__Hnvbit                               nvbit        000000
__Hnvrram                              nvrram       000000
__Hparam                               rparam       000000
__Hpowerup                             powerup      00008E
__Hram                                 ram          000000
__Hramtop                              ramtop       000600
__Hrbit                                rbit         000000
__Hrbss                                rbss         000000
__Hrdata                               rdata        000000
__Hreset_vec                           reset_vec    000004
__Hrparam                              rparam       000000
__Hsfr                                 sfr          000000
__Hsmallconst                          smallconst   000000
__Hspace_0                             (abs)        30000E
__Hspace_1                             (abs)        000275
__Hspace_2                             (abs)        000000
__Hstack                               stack        000000
__Hstruct                              struct       000000
__Htemp                                temp         000070
__Htext                                text         000000
__Htext0                               text0        000000
__Htext1                               text1        000000
__Htext10                              text10       000000
__Htext11                              text11       000000
__Htext12                              text12       000000
__Htext13                              text13       000000
__Htext14                              text14       000000
__Htext15                              text15       000000
__Htext16                              text16       000000
__Htext17                              text17       000000
__Htext18                              text18       000000
__Htext19                              text19       000000
__Htext2                               text2        000000
__Htext20                              text20       000000
__Htext21                              text21       000000
__Htext22                              text22       000000
__Htext24                              text24       000000
__Htext25                              text25       000000
__Htext26                              text26       000000
__Htext27                              text27       000000
__Htext28                              text28       000000
__Htext29                              text29       000000
__Htext3                               text3        000000
__Htext4                               text4        000000
__Htext5                               text5        000000
__Htext6                               text6        000000
__Htext7                               text7        000000
__Htext8                               text8        000000
__Htext9                               text9        000000
__LRAM                                 (abs)        000001
__Labs1                                abs1         000000
__Lbank0                               bank0        000000
__Lbank1                               bank1        000000
__Lbank2                               bank2        000000
__Lbank3                               bank3        000000
__Lbank4                               bank4        000000
__Lbank5                               bank5        000000
__Lbigbss                              bigbss       000000
__Lbigdata                             bigdata      000000
__Lbigram                              bigram       000000
__Lbss                                 bss          000000
__LbssBIGRAM                           bssBIGRAM    000000
__LbssCOMRAM                           bssCOMRAM    000000
__Lcinit                               cinit        000000
__Lclrtext                             clrtext      000000
__Lcomram                              comram       000000
__Lconfig                              config       300000
__Lconst                               const        000000
__LcstackBANK0                         cstackBANK0  000000
__LcstackCOMRAM                        cstackCOMRAM 000000
__Ldata                                data         000000
__Leeprom_data                         eeprom_data  000000
__Lfarbss                              farbss       000000
__Lfardata                             fardata      000000
__Libigdata                            ibigdata     000000
__Lidata                               idata        000000
__Lidloc                               idloc        200000
__Lifardata                            ifardata     000000
__Linit                                init         00008E
__Lintcode                             intcode      000008
__Lintcode_body                        intcode_body 000000
__Lintcodelo                           intcodelo    00008E
__Lintentry                            intentry     000000
__Lintret                              intret       000000
__Lintsave_regs                        intsave_regs 000000
__Lirdata                              irdata       000000
__Lmediumconst                         mediumconst  000000
__LnvFARRAM                            nvFARRAM     000000
__Lnvbit                               nvbit        000000
__Lnvrram                              nvrram       000000
__Lparam                               rparam       000000
__Lpowerup                             powerup      00008E
__Lram                                 ram          000000
__Lramtop                              ramtop       000600
__Lrbit                                rbit         000000
__Lrbss                                rbss         000000
__Lrdata                               rdata        000000
__Lreset_vec                           reset_vec    000000
__Lrparam                              rparam       000000
__Lsfr                                 sfr          000000
__Lsmallconst                          smallconst   000000
__Lspace_0                             (abs)        000000
__Lspace_1                             (abs)        000000
__Lspace_2                             (abs)        000000
__Lstack                               stack        000000
__Lstruct                              struct       000000
__Ltemp                                temp         00006F
__Ltext                                text         000000
__Ltext0                               text0        000000
__Ltext1                               text1        000000
__Ltext10                              text10       000000
__Ltext11                              text11       000000
__Ltext12                              text12       000000
__Ltext13                              text13       000000
__Ltext14                              text14       000000
__Ltext15                              text15       000000
__Ltext16                              text16       000000
__Ltext17                              text17       000000
__Ltext18                              text18       000000
__Ltext19                              text19       000000
__Ltext2                               text2        000000
__Ltext20                              text20       000000
__Ltext21                              text21       000000
__Ltext22                              text22       000000
__Ltext24                              text24       000000
__Ltext25                              text25       000000
__Ltext26                              text26       000000
__Ltext27                              text27       000000
__Ltext28                              text28       000000
__Ltext29                              text29       000000
__Ltext3                               text3        000000
__Ltext4                               text4        000000
__Ltext5                               text5        000000
__Ltext6                               text6        000000
__Ltext7                               text7        000000
__Ltext8                               text8        000000
__Ltext9                               text9        000000
__S0                                   (abs)        30000E
__S1                                   (abs)        000275
__S2                                   (abs)        000000
___awdiv                               text18       000ADA
___awdiv@counter                       cstackCOMRAM 000048
___awdiv@dividend                      cstackCOMRAM 000044
___awdiv@divisor                       cstackCOMRAM 000046
___awdiv@quotient                      cstackCOMRAM 00004A
___awdiv@sign                          cstackCOMRAM 000049
___inthi_sp                            stack        000000
___intlo_sp                            stack        000000
___llmod                               text28       000C56
___llmod@counter                       cstackCOMRAM 000044
___llmod@dividend                      cstackCOMRAM 00003C
___llmod@divisor                       cstackCOMRAM 000040
___param_bank                          (abs)        000000
___rparam_used                         (abs)        000001
___sp                                  stack        000000
___wmul                                text3        000D82
___wmul@multiplicand                   cstackBANK0  00009B
___wmul@multiplier                     cstackBANK0  000099
___wmul@product                        cstackBANK0  00009D
__accesstop                            (abs)        000080
__activetblptr                         (abs)        000000
__end_of_Inicializa_ADC                text9        000EDE
__end_of_Init_PWM_AD                   text7        000F10
__end_of_LerADC                        text19       000EA0
__end_of_PWM1_Init                     text8        000ECC
__end_of_PWM1_value                    text15       000F1A
__end_of_RR_scheduler                  text26       000890
__end_of___awdiv                       text18       000B5E
__end_of___llmod                       text28       000CBC
__end_of___wmul                        text3        000DB8
__end_of__initialization               cinit        000DD8
__end_of_botaoAumentar                 text21       000D0C
__end_of_delay_queue_create            text5        000C56
__end_of_main                          text0        000BDA
__end_of_map                           text16       0009C0
__end_of_modificar_temp                text13       000A54
__end_of_mostraDisplay                 text22       000D82
__end_of_nojoDispatcher                text25       0005B2
__end_of_nojoScheduler                 text6        000EFA
__end_of_nojoStart                     text4        000ADA
__end_of_nojoTaskCreate                text2        0007E0
__end_of_nojoTaskIdle                  text10       000EEE
__end_of_pisca_led_green               text12       000E32
__end_of_pisca_led_yellow              text11       000E0C
__end_of_resetTimer                    text24       000F06
__end_of_setupTimer                    text1        000EB6
__end_of_timer_ISR                     intcode      00008E
__end_of_valor_res_motor               text14       000928
__end_of_verificarInput                text20       000D4A
__end_ofi1___wmul                      text17       000E58
__end_ofi2___wmul                      text27       000E7E
__initialization                       cinit        000DB8
__mediumconst                          mediumconst  000000
__pbssBIGRAM                           bssBIGRAM    0000AD
__pbssCOMRAM                           bssCOMRAM    000001
__pcinit                               cinit        000DB8
__pcstackBANK0                         cstackBANK0  000080
__pcstackCOMRAM                        cstackCOMRAM 00003C
__pintcode                             intcode      000008
__ptext0                               text0        000B5E
__ptext1                               text1        000EA0
__ptext10                              text10       000EDE
__ptext11                              text11       000DE2
__ptext12                              text12       000E0C
__ptext13                              text13       0009C0
__ptext14                              text14       000890
__ptext15                              text15       000F10
__ptext16                              text16       000928
__ptext17                              text17       000E32
__ptext18                              text18       000ADA
__ptext19                              text19       000E7E
__ptext2                               text2        0005B2
__ptext20                              text20       000D0C
__ptext21                              text21       000CBC
__ptext22                              text22       000D4A
__ptext24                              text24       000EFA
__ptext25                              text25       000092
__ptext26                              text26       0007E0
__ptext27                              text27       000E58
__ptext28                              text28       000C56
__ptext29                              text29       000000
__ptext3                               text3        000D82
__ptext4                               text4        000A54
__ptext5                               text5        000BDA
__ptext6                               text6        000EEE
__ptext7                               text7        000F06
__ptext8                               text8        000EB6
__ptext9                               text9        000ECC
__ramtop                               ramtop       000600
__size_of_Inicializa_ADC               (abs)        000000
__size_of_Init_PWM_AD                  (abs)        000000
__size_of_LerADC                       (abs)        000000
__size_of_PWM1_Init                    (abs)        000000
__size_of_PWM1_value                   (abs)        000000
__size_of_RR_scheduler                 (abs)        000000
__size_of___awdiv                      (abs)        000000
__size_of___llmod                      (abs)        000000
__size_of___wmul                       (abs)        000000
__size_of_botaoAumentar                (abs)        000000
__size_of_delay_queue_create           (abs)        000000
__size_of_main                         (abs)        000000
__size_of_map                          (abs)        000000
__size_of_modificar_temp               (abs)        000000
__size_of_mostraDisplay                (abs)        000000
__size_of_nojoDispatcher               (abs)        000000
__size_of_nojoScheduler                (abs)        000000
__size_of_nojoStart                    (abs)        000000
__size_of_nojoTaskCreate               (abs)        000000
__size_of_nojoTaskIdle                 (abs)        000000
__size_of_pisca_led_green              (abs)        000000
__size_of_pisca_led_yellow             (abs)        000000
__size_of_resetTimer                   (abs)        000000
__size_of_setupTimer                   (abs)        000000
__size_of_timer_ISR                    (abs)        000000
__size_of_valor_res_motor              (abs)        000000
__size_of_verificarInput               (abs)        000000
__size_ofi1___wmul                     (abs)        000000
__size_ofi2___wmul                     (abs)        000000
__smallconst                           smallconst   000000
_botaoAumentar                         text21       000CBC
_delay_queue_create                    text5        000BDA
_dezena                                bssCOMRAM    000017
_main                                  text0        000B5E
_map                                   text16       000928
_modificar_temp                        text13       0009C0
_mostraDisplay                         text22       000D4A
_nojoDispatcher                        text25       000092
_nojoScheduler                         text6        000EEE
_nojoStart                             text4        000A54
_nojoTaskCreate                        text2        0005B2
_nojoTaskIdle                          text10       000EDE
_pisca_led_green                       text12       000E0C
_pisca_led_yellow                      text11       000DE2
_resetTimer                            text24       000EFA
_sem                                   bssCOMRAM    000001
_setupTimer                            text1        000EA0
_tBSR                                  bssCOMRAM    00001E
_tSTATUS                               bssCOMRAM    00001D
_tWORK                                 bssCOMRAM    00001F
_temperatura_desejada                  bssCOMRAM    00001B
_timer_ISR                             intcode      000008
_unidade                               bssCOMRAM    000019
_valor_res_motor                       text14       000890
_verificarInput                        text20       000D0C
btemp                                  temp         00006F
delay_queue_create@delay_queue_handler cstackBANK0  000099
delay_queue_create@i                   cstackBANK0  00009D
end_of_initialization                  cinit        000DD8
i1___wmul                              text17       000E32
i1___wmul@multiplicand                 cstackCOMRAM 000040
i1___wmul@multiplier                   cstackCOMRAM 00003E
i1___wmul@product                      cstackCOMRAM 000042
i2___wmul                              text27       000E58
i2___wmul@multiplicand                 cstackCOMRAM 00003E
i2___wmul@multiplier                   cstackCOMRAM 00003C
i2___wmul@product                      cstackCOMRAM 000040
int$flags                              temp         00006F
intlevel0                              text         000000
intlevel1                              text         000000
intlevel2                              text         000000
intlevel3                              text         000000
map@in_max                             cstackBANK0  000084
map@in_min                             cstackBANK0  000082
map@out_max                            cstackBANK0  000088
map@out_min                            cstackBANK0  000086
map@x                                  cstackBANK0  000080
modificar_temp@temp                    cstackBANK0  000091
mostraDisplay@dezena                   cstackBANK0  000095
mostraDisplay@identificador            cstackBANK0  000097
mostraDisplay@unidade                  cstackBANK0  000093
nojoDispatcher@state                   cstackCOMRAM 00005C
nojoDispatcher@task_pos                cstackCOMRAM 00005D
nojoTaskCreate@id                      cstackBANK0  00009F
nojoTaskCreate@prior                   cstackBANK0  0000A3
nojoTaskCreate@task_PTR                cstackBANK0  0000A7
stackhi                                (abs)        0005FF
stacklo                                (abs)        000275
start                                  init         00008E
start_initialization                   cinit        000DB8
valor_res_motor@motor                  cstackCOMRAM 000048
valor_res_motor@resistor               cstackCOMRAM 000046
valor_res_motor@temp                   cstackCOMRAM 000044


FUNCTION INFORMATION:

 *************** function _main *****************
 Defined at:
		line 6 in file "../main.c"
 Parameters:    Size  Location     Type
		None
 Auto vars:     Size  Location     Type
		None
 Return value:  Size  Location     Type
                  2  139[None  ] int 
 Registers used:
		wreg, fsr2l, fsr2h, status,2, status,0, prodl, prodh, cstack
 Tracked objects:
		On entry : 
		On exit  : 
		Unchanged: 
 Data sizes:     COMRAM   BANK0   BANK1   BANK2   BANK3   BANK4   BANK5
      Params:         0       0       0       0       0       0       0
      Locals:         0       0       0       0       0       0       0
      Temps:          0       0       0       0       0       0       0
      Totals:         0       0       0       0       0       0       0
Total ram usage:        0 bytes
 Hardware stack levels required when called:    9
 This function calls:
		_Init_PWM_AD
		_nojoScheduler
		_nojoStart
		_nojoTaskCreate
		_setupTimer
 This function is called by:
		Startup code after reset
 This function uses a non-reentrant model


 *************** function _setupTimer *****************
 Defined at:
		line 4 in file "../timer.c"
 Parameters:    Size  Location     Type
		None
 Auto vars:     Size  Location     Type
		None
 Return value:  Size  Location     Type
                  1    wreg      void 
 Registers used:
		wreg, status,2
 Tracked objects:
		On entry : 
		On exit  : 
		Unchanged: 
 Data sizes:     COMRAM   BANK0   BANK1   BANK2   BANK3   BANK4   BANK5
      Params:         0       0       0       0       0       0       0
      Locals:         0       0       0       0       0       0       0
      Temps:          0       0       0       0       0       0       0
      Totals:         0       0       0       0       0       0       0
Total ram usage:        0 bytes
 Hardware stack levels used:    1
 Hardware stack levels required when called:    7
 This function calls:
		Nothing
 This function is called by:
		_main
 This function uses a non-reentrant model


 *************** function _nojoTaskCreate *****************
 Defined at:
		line 25 in file "../kernel.c"
 Parameters:    Size  Location     Type
  id              4   31[BANK0 ] unsigned long 
  prior           4   35[BANK0 ] unsigned long 
  task_PTR        2   39[BANK0 ] PTR FTN()PTR void 
		 -> verificarInput(2), modificar_temp(1), 
 Auto vars:     Size  Location     Type
		None
 Return value:  Size  Location     Type
                  1    wreg      void 
 Registers used:
		wreg, fsr2l, fsr2h, status,2, status,0, prodl, prodh, cstack
 Tracked objects:
		On entry : 
		On exit  : 
		Unchanged: 
 Data sizes:     COMRAM   BANK0   BANK1   BANK2   BANK3   BANK4   BANK5
      Params:         0      10       0       0       0       0       0
      Locals:         0       0       0       0       0       0       0
      Temps:          0       4       0       0       0       0       0
      Totals:         0      14       0       0       0       0       0
Total ram usage:       14 bytes
 Hardware stack levels used:    1
 Hardware stack levels required when called:    8
 This function calls:
		___wmul
 This function is called by:
		_main
 This function uses a non-reentrant model


 *************** function ___wmul *****************
 Defined at:
		line 15 in file "F:\Program Files (x86)\Microchip\xc8\v1.41\sources\common\Umul16.c"
 Parameters:    Size  Location     Type
  multiplier      2   25[BANK0 ] unsigned int 
  multiplicand    2   27[BANK0 ] unsigned int 
 Auto vars:     Size  Location     Type
  product         2   29[BANK0 ] unsigned int 
 Return value:  Size  Location     Type
                  2   25[BANK0 ] unsigned int 
 Registers used:
		wreg, status,2, status,0, prodl, prodh
 Tracked objects:
		On entry : 
		On exit  : 
		Unchanged: 
 Data sizes:     COMRAM   BANK0   BANK1   BANK2   BANK3   BANK4   BANK5
      Params:         0       4       0       0       0       0       0
      Locals:         0       2       0       0       0       0       0
      Temps:          0       0       0       0       0       0       0
      Totals:         0       6       0       0       0       0       0
Total ram usage:        6 bytes
 Hardware stack levels used:    1
 Hardware stack levels required when called:    7
 This function calls:
		Nothing
 This function is called by:
		_nojoTaskCreate
		_delay_queue_remove
		_priority_scheduler
		_sem_wait
		_sem_post
 This function uses a non-reentrant model


 *************** function _nojoStart *****************
 Defined at:
		line 8 in file "../kernel.c"
 Parameters:    Size  Location     Type
		None
 Auto vars:     Size  Location     Type
		None
 Return value:  Size  Location     Type
                  1    wreg      void 
 Registers used:
		wreg, fsr2l, fsr2h, status,2, status,0, cstack
 Tracked objects:
		On entry : 
		On exit  : 
		Unchanged: 
 Data sizes:     COMRAM   BANK0   BANK1   BANK2   BANK3   BANK4   BANK5
      Params:         0       0       0       0       0       0       0
      Locals:         0       0       0       0       0       0       0
      Temps:          0       0       0       0       0       0       0
      Totals:         0       0       0       0       0       0       0
Total ram usage:        0 bytes
 Hardware stack levels used:    1
 Hardware stack levels required when called:    8
 This function calls:
		_delay_queue_create
 This function is called by:
		_main
 This function uses a non-reentrant model


 *************** function _delay_queue_create *****************
 Defined at:
		line 8 in file "../delay.c"
 Parameters:    Size  Location     Type
  delay_queue_    2   25[BANK0 ] PTR struct queue_delay
		 -> Q_DELAY(28), 
 Auto vars:     Size  Location     Type
  i               2   29[BANK0 ] int 
 Return value:  Size  Location     Type
                  1    wreg      void 
 Registers used:
		wreg, fsr2l, fsr2h, status,2, status,0
 Tracked objects:
		On entry : 
		On exit  : 
		Unchanged: 
 Data sizes:     COMRAM   BANK0   BANK1   BANK2   BANK3   BANK4   BANK5
      Params:         0       2       0       0       0       0       0
      Locals:         0       2       0       0       0       0       0
      Temps:          0       2       0       0       0       0       0
      Totals:         0       6       0       0       0       0       0
Total ram usage:        6 bytes
 Hardware stack levels used:    1
 Hardware stack levels required when called:    7
 This function calls:
		Nothing
 This function is called by:
		_nojoStart
 This function uses a non-reentrant model


 *************** function _nojoScheduler *****************
 Defined at:
		line 17 in file "../timer.c"
 Parameters:    Size  Location     Type
		None
 Auto vars:     Size  Location     Type
		None
 Return value:  Size  Location     Type
                  1    wreg      void 
 Registers used:
		wreg, status,2
 Tracked objects:
		On entry : 
		On exit  : 
		Unchanged: 
 Data sizes:     COMRAM   BANK0   BANK1   BANK2   BANK3   BANK4   BANK5
      Params:         0       0       0       0       0       0       0
      Locals:         0       0       0       0       0       0       0
      Temps:          0       0       0       0       0       0       0
      Totals:         0       0       0       0       0       0       0
Total ram usage:        0 bytes
 Hardware stack levels used:    1
 Hardware stack levels required when called:    7
 This function calls:
		Nothing
 This function is called by:
		_main
		_delay_queue_insert
 This function uses a non-reentrant model


 *************** function _Init_PWM_AD *****************
 Defined at:
		line 110 in file "../kernel.c"
 Parameters:    Size  Location     Type
		None
 Auto vars:     Size  Location     Type
		None
 Return value:  Size  Location     Type
                  1    wreg      void 
 Registers used:
		wreg, status,2, cstack
 Tracked objects:
		On entry : 
		On exit  : 
		Unchanged: 
 Data sizes:     COMRAM   BANK0   BANK1   BANK2   BANK3   BANK4   BANK5
      Params:         0       0       0       0       0       0       0
      Locals:         0       0       0       0       0       0       0
      Temps:          0       0       0       0       0       0       0
      Totals:         0       0       0       0       0       0       0
Total ram usage:        0 bytes
 Hardware stack levels used:    1
 Hardware stack levels required when called:    8
 This function calls:
		_Inicializa_ADC
		_PWM1_Init
 This function is called by:
		_main
 This function uses a non-reentrant model


 *************** function _PWM1_Init *****************
 Defined at:
		line 99 in file "../kernel.c"
 Parameters:    Size  Location     Type
		None
 Auto vars:     Size  Location     Type
		None
 Return value:  Size  Location     Type
                  1    wreg      void 
 Registers used:
		wreg, status,2
 Tracked objects:
		On entry : 
		On exit  : 
		Unchanged: 
 Data sizes:     COMRAM   BANK0   BANK1   BANK2   BANK3   BANK4   BANK5
      Params:         0       0       0       0       0       0       0
      Locals:         0       0       0       0       0       0       0
      Temps:          0       0       0       0       0       0       0
      Totals:         0       0       0       0       0       0       0
Total ram usage:        0 bytes
 Hardware stack levels used:    1
 Hardware stack levels required when called:    7
 This function calls:
		Nothing
 This function is called by:
		_Init_PWM_AD
 This function uses a non-reentrant model


 *************** function _Inicializa_ADC *****************
 Defined at:
		line 91 in file "../kernel.c"
 Parameters:    Size  Location     Type
		None
 Auto vars:     Size  Location     Type
		None
 Return value:  Size  Location     Type
                  1    wreg      void 
 Registers used:
		wreg, status,2
 Tracked objects:
		On entry : 
		On exit  : 
		Unchanged: 
 Data sizes:     COMRAM   BANK0   BANK1   BANK2   BANK3   BANK4   BANK5
      Params:         0       0       0       0       0       0       0
      Locals:         0       0       0       0       0       0       0
      Temps:          0       0       0       0       0       0       0
      Totals:         0       0       0       0       0       0       0
Total ram usage:        0 bytes
 Hardware stack levels used:    1
 Hardware stack levels required when called:    7
 This function calls:
		Nothing
 This function is called by:
		_Init_PWM_AD
 This function uses a non-reentrant model


 *************** function _nojoTaskIdle *****************
 Defined at:
		line 63 in file "../kernel.c"
 Parameters:    Size  Location     Type
		None
 Auto vars:     Size  Location     Type
		None
 Return value:  Size  Location     Type
                  2   30[None  ] PTR void 
 Registers used:
		wreg, status,2, status,0
 Tracked objects:
		On entry : 
		On exit  : 
		Unchanged: 
 Data sizes:     COMRAM   BANK0   BANK1   BANK2   BANK3   BANK4   BANK5
      Params:         0       0       0       0       0       0       0
      Locals:         0       0       0       0       0       0       0
      Temps:          0       0       0       0       0       0       0
      Totals:         0       0       0       0       0       0       0
Total ram usage:        0 bytes
 Hardware stack levels used:    1
 Hardware stack levels required when called:    4
 This function calls:
		Nothing
 This function is called by:
		_nojoStart
 This function uses a non-reentrant model


 *************** function _pisca_led_yellow *****************
 Defined at:
		line 32 in file "../tasks.c"
 Parameters:    Size  Location     Type
		None
 Auto vars:     Size  Location     Type
		None
 Return value:  Size  Location     Type
                  2  240[None  ] PTR void 
 Registers used:
		wreg, status,2, status,0
 Tracked objects:
		On entry : 
		On exit  : 
		Unchanged: 
 Data sizes:     COMRAM   BANK0   BANK1   BANK2   BANK3   BANK4   BANK5
      Params:         0       0       0       0       0       0       0
      Locals:         0       0       0       0       0       0       0
      Temps:          1       0       0       0       0       0       0
      Totals:         1       0       0       0       0       0       0
Total ram usage:        1 bytes
 Hardware stack levels used:    1
 Hardware stack levels required when called:    4
 This function calls:
		Nothing
 This function is called by:
		Interrupt level 1
 This function uses a non-reentrant model


 *************** function _pisca_led_green *****************
 Defined at:
		line 48 in file "../tasks.c"
 Parameters:    Size  Location     Type
		None
 Auto vars:     Size  Location     Type
		None
 Return value:  Size  Location     Type
                  2  246[None  ] PTR void 
 Registers used:
		wreg, status,2, status,0
 Tracked objects:
		On entry : 
		On exit  : 
		Unchanged: 
 Data sizes:     COMRAM   BANK0   BANK1   BANK2   BANK3   BANK4   BANK5
      Params:         0       0       0       0       0       0       0
      Locals:         0       0       0       0       0       0       0
      Temps:          1       0       0       0       0       0       0
      Totals:         1       0       0       0       0       0       0
Total ram usage:        1 bytes
 Hardware stack levels used:    1
 Hardware stack levels required when called:    4
 This function calls:
		Nothing
 This function is called by:
		Interrupt level 1
 This function uses a non-reentrant model


 *************** function _modificar_temp *****************
 Defined at:
		line 84 in file "../tasks.c"
 Parameters:    Size  Location     Type
		None
 Auto vars:     Size  Location     Type
  temp            2   17[BANK0 ] unsigned int 
 Return value:  Size  Location     Type
                  1    wreg      void 
 Registers used:
		wreg, status,2, status,0, prodl, prodh, cstack
 Tracked objects:
		On entry : 
		On exit  : 
		Unchanged: 
 Data sizes:     COMRAM   BANK0   BANK1   BANK2   BANK3   BANK4   BANK5
      Params:         0       0       0       0       0       0       0
      Locals:         0       2       0       0       0       0       0
      Temps:          0       1       0       0       0       0       0
      Totals:         0       3       0       0       0       0       0
Total ram usage:        3 bytes
 Hardware stack levels used:    1
 Hardware stack levels required when called:    6
 This function calls:
		_LerADC
		_map
		_valor_res_motor
 This function is called by:
		_main
 This function uses a non-reentrant model


 *************** function _valor_res_motor *****************
 Defined at:
		line 64 in file "../tasks.c"
 Parameters:    Size  Location     Type
  temp            2    8[COMRAM] unsigned int 
 Auto vars:     Size  Location     Type
  motor           2   12[COMRAM] int 
  resistor        2   10[COMRAM] int 
 Return value:  Size  Location     Type
                  1    wreg      void 
 Registers used:
		wreg, status,2, status,0, prodl, prodh, cstack
 Tracked objects:
		On entry : 
		On exit  : 
		Unchanged: 
 Data sizes:     COMRAM   BANK0   BANK1   BANK2   BANK3   BANK4   BANK5
      Params:         2       0       0       0       0       0       0
      Locals:         4       0       0       0       0       0       0
      Temps:          0       0       0       0       0       0       0
      Totals:         6       0       0       0       0       0       0
Total ram usage:        6 bytes
 Hardware stack levels used:    1
 Hardware stack levels required when called:    5
 This function calls:
		_PWM1_value
		i1___wmul
 This function is called by:
		_modificar_temp
 This function uses a non-reentrant model


 *************** function _PWM1_value *****************
 Defined at:
		line 30 in file "../perifericos.c"
 Parameters:    Size  Location     Type
  velocidade      2    2[COMRAM] int 
  resistencia     2    4[COMRAM] int 
 Auto vars:     Size  Location     Type
		None
 Return value:  Size  Location     Type
                  1    wreg      void 
 Registers used:
		None
 Tracked objects:
		On entry : 
		On exit  : 
		Unchanged: 
 Data sizes:     COMRAM   BANK0   BANK1   BANK2   BANK3   BANK4   BANK5
      Params:         4       0       0       0       0       0       0
      Locals:         0       0       0       0       0       0       0
      Temps:          0       0       0       0       0       0       0
      Totals:         4       0       0       0       0       0       0
Total ram usage:        4 bytes
 Hardware stack levels used:    1
 Hardware stack levels required when called:    4
 This function calls:
		Nothing
 This function is called by:
		_valor_res_motor
 This function uses a non-reentrant model


 *************** function _map *****************
 Defined at:
		line 38 in file "../perifericos.c"
 Parameters:    Size  Location     Type
  x               2    0[BANK0 ] int 
  in_min          2    2[BANK0 ] int 
  in_max          2    4[BANK0 ] int 
  out_min         2    6[BANK0 ] int 
  out_max         2    8[BANK0 ] int 
 Auto vars:     Size  Location     Type
		None
 Return value:  Size  Location     Type
                  2    0[BANK0 ] int 
 Registers used:
		wreg, status,2, status,0, prodl, prodh, cstack
 Tracked objects:
		On entry : 
		On exit  : 
		Unchanged: 
 Data sizes:     COMRAM   BANK0   BANK1   BANK2   BANK3   BANK4   BANK5
      Params:         0      10       0       0       0       0       0
      Locals:         0       0       0       0       0       0       0
      Temps:          0       6       0       0       0       0       0
      Totals:         0      16       0       0       0       0       0
Total ram usage:       16 bytes
 Hardware stack levels used:    1
 Hardware stack levels required when called:    5
 This function calls:
		___awdiv
		i1___wmul
 This function is called by:
		_modificar_temp
 This function uses a non-reentrant model


 *************** function i1___wmul *****************
 Defined at:
		line 15 in file "F:\Program Files (x86)\Microchip\xc8\v1.41\sources\common\Umul16.c"
 Parameters:    Size  Location     Type
  multiplier      2    2[COMRAM] unsigned int 
  multiplicand    2    4[COMRAM] unsigned int 
 Auto vars:     Size  Location     Type
  __wmul          2    6[COMRAM] unsigned int 
 Return value:  Size  Location     Type
                  2    2[COMRAM] unsigned int 
 Registers used:
		wreg, status,2, status,0, prodl, prodh
 Tracked objects:
		On entry : 
		On exit  : 
		Unchanged: 
 Data sizes:     COMRAM   BANK0   BANK1   BANK2   BANK3   BANK4   BANK5
      Params:         4       0       0       0       0       0       0
      Locals:         2       0       0       0       0       0       0
      Temps:          0       0       0       0       0       0       0
      Totals:         6       0       0       0       0       0       0
Total ram usage:        6 bytes
 Hardware stack levels used:    1
 Hardware stack levels required when called:    4
 This function calls:
		Nothing
 This function is called by:
		_valor_res_motor
		_map
 This function uses a non-reentrant model


 *************** function ___awdiv *****************
 Defined at:
		line 8 in file "F:\Program Files (x86)\Microchip\xc8\v1.41\sources\common\awdiv.c"
 Parameters:    Size  Location     Type
  dividend        2    8[COMRAM] int 
  divisor         2   10[COMRAM] int 
 Auto vars:     Size  Location     Type
  quotient        2   14[COMRAM] int 
  sign            1   13[COMRAM] unsigned char 
  counter         1   12[COMRAM] unsigned char 
 Return value:  Size  Location     Type
                  2    8[COMRAM] int 
 Registers used:
		wreg, status,2, status,0
 Tracked objects:
		On entry : 
		On exit  : 
		Unchanged: 
 Data sizes:     COMRAM   BANK0   BANK1   BANK2   BANK3   BANK4   BANK5
      Params:         4       0       0       0       0       0       0
      Locals:         4       0       0       0       0       0       0
      Temps:          0       0       0       0       0       0       0
      Totals:         8       0       0       0       0       0       0
Total ram usage:        8 bytes
 Hardware stack levels used:    1
 Hardware stack levels required when called:    4
 This function calls:
		Nothing
 This function is called by:
		_map
 This function uses a non-reentrant model


 *************** function _LerADC *****************
 Defined at:
		line 17 in file "../perifericos.c"
 Parameters:    Size  Location     Type
		None
 Auto vars:     Size  Location     Type
  temp            2    6[COMRAM] unsigned int 
 Return value:  Size  Location     Type
                  2    2[COMRAM] unsigned int 
 Registers used:
		wreg, status,2
 Tracked objects:
		On entry : 
		On exit  : 
		Unchanged: 
 Data sizes:     COMRAM   BANK0   BANK1   BANK2   BANK3   BANK4   BANK5
      Params:         2       0       0       0       0       0       0
      Locals:         2       0       0       0       0       0       0
      Temps:          2       0       0       0       0       0       0
      Totals:         6       0       0       0       0       0       0
Total ram usage:        6 bytes
 Hardware stack levels used:    1
 Hardware stack levels required when called:    4
 This function calls:
		Nothing
 This function is called by:
		_modificar_temp
 This function uses a non-reentrant model


 *************** function _verificarInput *****************
 Defined at:
		line 109 in file "../tasks.c"
 Parameters:    Size  Location     Type
		None
 Auto vars:     Size  Location     Type
		None
 Return value:  Size  Location     Type
                  2  127[None  ] PTR void 
 Registers used:
		wreg, status,2, status,0, cstack
 Tracked objects:
		On entry : 
		On exit  : 
		Unchanged: 
 Data sizes:     COMRAM   BANK0   BANK1   BANK2   BANK3   BANK4   BANK5
      Params:         0       0       0       0       0       0       0
      Locals:         0       0       0       0       0       0       0
      Temps:          0       1       0       0       0       0       0
      Totals:         0       1       0       0       0       0       0
Total ram usage:        1 bytes
 Hardware stack levels used:    1
 Hardware stack levels required when called:    6
 This function calls:
		_botaoAumentar
 This function is called by:
		_main
 This function uses a non-reentrant model


 *************** function _botaoAumentar *****************
 Defined at:
		line 150 in file "../tasks.c"
 Parameters:    Size  Location     Type
		None
 Auto vars:     Size  Location     Type
		None
 Return value:  Size  Location     Type
                  1    wreg      void 
 Registers used:
		wreg, status,2, status,0, cstack
 Tracked objects:
		On entry : 
		On exit  : 
		Unchanged: 
 Data sizes:     COMRAM   BANK0   BANK1   BANK2   BANK3   BANK4   BANK5
      Params:         0       0       0       0       0       0       0
      Locals:         0       0       0       0       0       0       0
      Temps:          0       0       0       0       0       0       0
      Totals:         0       0       0       0       0       0       0
Total ram usage:        0 bytes
 Hardware stack levels used:    1
 Hardware stack levels required when called:    5
 This function calls:
		_mostraDisplay
 This function is called by:
		_verificarInput
 This function uses a non-reentrant model


 *************** function _mostraDisplay *****************
 Defined at:
		line 176 in file "../tasks.c"
 Parameters:    Size  Location     Type
  unidade         2   19[BANK0 ] int 
  dezena          2   21[BANK0 ] int 
  identificado    1   23[BANK0 ] unsigned char 
 Auto vars:     Size  Location     Type
		None
 Return value:  Size  Location     Type
                  1    wreg      void 
 Registers used:
		wreg, status,2, status,0
 Tracked objects:
		On entry : 
		On exit  : 
		Unchanged: 
 Data sizes:     COMRAM   BANK0   BANK1   BANK2   BANK3   BANK4   BANK5
      Params:         0       5       0       0       0       0       0
      Locals:         0       0       0       0       0       0       0
      Temps:          0       0       0       0       0       0       0
      Totals:         0       5       0       0       0       0       0
Total ram usage:        5 bytes
 Hardware stack levels used:    1
 Hardware stack levels required when called:    4
 This function calls:
		Nothing
 This function is called by:
		_botaoAumentar
 This function uses a non-reentrant model


 *************** function _timer_ISR *****************
 Defined at:
		line 33 in file "../timer.c"
 Parameters:    Size  Location     Type
		None
 Auto vars:     Size  Location     Type
		None
 Return value:  Size  Location     Type
                  1    wreg      void 
 Registers used:
		wreg, fsr2l, fsr2h, status,2, status,0, prodl, prodh, cstack
 Tracked objects:
		On entry : 
		On exit  : 
		Unchanged: 
 Data sizes:     COMRAM   BANK0   BANK1   BANK2   BANK3   BANK4   BANK5
      Params:         0       0       0       0       0       0       0
      Locals:         0       0       0       0       0       0       0
      Temps:         14       0       0       0       0       0       0
      Totals:        14       0       0       0       0       0       0
Total ram usage:       14 bytes
 Hardware stack levels used:    1
 Hardware stack levels required when called:    3
 This function calls:
		_nojoDispatcher
		_resetTimer
 This function is called by:
		Interrupt level 2
 This function uses a non-reentrant model


 *************** function _resetTimer *****************
 Defined at:
		line 25 in file "../timer.c"
 Parameters:    Size  Location     Type
		None
 Auto vars:     Size  Location     Type
		None
 Return value:  Size  Location     Type
                  1    wreg      void 
 Registers used:
		wreg, status,2
 Tracked objects:
		On entry : 
		On exit  : 
		Unchanged: 
 Data sizes:     COMRAM   BANK0   BANK1   BANK2   BANK3   BANK4   BANK5
      Params:         0       0       0       0       0       0       0
      Locals:         0       0       0       0       0       0       0
      Temps:          0       0       0       0       0       0       0
      Totals:         0       0       0       0       0       0       0
Total ram usage:        0 bytes
 Hardware stack levels used:    1
 This function calls:
		Nothing
 This function is called by:
		_timer_ISR
 This function uses a non-reentrant model


 *************** function _nojoDispatcher *****************
 Defined at:
		line 38 in file "../kernel.c"
 Parameters:    Size  Location     Type
  state           1    wreg     enum E3131
 Auto vars:     Size  Location     Type
  state           1   32[COMRAM] enum E3131
  task_pos        4   33[COMRAM] unsigned long 
 Return value:  Size  Location     Type
                  1    wreg      void 
 Registers used:
		wreg, fsr2l, fsr2h, status,2, status,0, prodl, prodh, cstack
 Tracked objects:
		On entry : 
		On exit  : 
		Unchanged: 
 Data sizes:     COMRAM   BANK0   BANK1   BANK2   BANK3   BANK4   BANK5
      Params:         0       0       0       0       0       0       0
      Locals:         5       0       0       0       0       0       0
      Temps:          7       0       0       0       0       0       0
      Totals:        12       0       0       0       0       0       0
Total ram usage:       12 bytes
 Hardware stack levels used:    1
 Hardware stack levels required when called:    2
 This function calls:
		_RR_scheduler
		i2___wmul
 This function is called by:
		_timer_ISR
		_nojoDelay
		_sem_wait
 This function uses a non-reentrant model


 *************** function _RR_scheduler *****************
 Defined at:
		line 18 in file "../scheduler.c"
 Parameters:    Size  Location     Type
		None
 Auto vars:     Size  Location     Type
  pos_next_tas    4   21[COMRAM] unsigned long 
  i               4   17[COMRAM] unsigned long 
  installed       4   13[COMRAM] unsigned long 
 Return value:  Size  Location     Type
                  4    9[COMRAM] unsigned long 
 Registers used:
		wreg, fsr2l, fsr2h, status,2, status,0, prodl, prodh, cstack
 Tracked objects:
		On entry : 
		On exit  : 
		Unchanged: 
 Data sizes:     COMRAM   BANK0   BANK1   BANK2   BANK3   BANK4   BANK5
      Params:         4       0       0       0       0       0       0
      Locals:        12       0       0       0       0       0       0
      Temps:          0       0       0       0       0       0       0
      Totals:        16       0       0       0       0       0       0
Total ram usage:       16 bytes
 Hardware stack levels used:    1
 Hardware stack levels required when called:    1
 This function calls:
		___llmod
		i2___wmul
 This function is called by:
		_nojoDispatcher
 This function uses a non-reentrant model


 *************** function i2___wmul *****************
 Defined at:
		line 15 in file "F:\Program Files (x86)\Microchip\xc8\v1.41\sources\common\Umul16.c"
 Parameters:    Size  Location     Type
  multiplier      2    0[COMRAM] unsigned int 
  multiplicand    2    2[COMRAM] unsigned int 
 Auto vars:     Size  Location     Type
  __wmul          2    4[COMRAM] unsigned int 
 Return value:  Size  Location     Type
                  2    0[COMRAM] unsigned int 
 Registers used:
		wreg, status,2, status,0, prodl, prodh
 Tracked objects:
		On entry : 
		On exit  : 
		Unchanged: 
 Data sizes:     COMRAM   BANK0   BANK1   BANK2   BANK3   BANK4   BANK5
      Params:         4       0       0       0       0       0       0
      Locals:         2       0       0       0       0       0       0
      Temps:          0       0       0       0       0       0       0
      Totals:         6       0       0       0       0       0       0
Total ram usage:        6 bytes
 Hardware stack levels used:    1
 This function calls:
		Nothing
 This function is called by:
		_nojoDispatcher
		_RR_scheduler
 This function uses a non-reentrant model


 *************** function ___llmod *****************
 Defined at:
		line 8 in file "F:\Program Files (x86)\Microchip\xc8\v1.41\sources\common\llmod.c"
 Parameters:    Size  Location     Type
  dividend        4    0[COMRAM] unsigned long 
  divisor         4    4[COMRAM] unsigned long 
 Auto vars:     Size  Location     Type
  counter         1    8[COMRAM] unsigned char 
 Return value:  Size  Location     Type
                  4    0[COMRAM] unsigned long 
 Registers used:
		wreg, status,2, status,0
 Tracked objects:
		On entry : 
		On exit  : 
		Unchanged: 
 Data sizes:     COMRAM   BANK0   BANK1   BANK2   BANK3   BANK4   BANK5
      Params:         8       0       0       0       0       0       0
      Locals:         1       0       0       0       0       0       0
      Temps:          0       0       0       0       0       0       0
      Totals:         9       0       0       0       0       0       0
Total ram usage:        9 bytes
 Hardware stack levels used:    1
 This function calls:
		Nothing
 This function is called by:
		_RR_scheduler
		_queue_insert
		_queue_remove
 This function uses a non-reentrant model



MODULE INFORMATION

Module		Function		Class		Link	Load	Size
../main.c
		_main          		CODE           	0B5E	0000	125

../main.c estimated size: 125

../timer.c
		_resetTimer    		CODE           	0EFA	0000	13
		_timer_ISR     		CODE           	0008	0000	135
		_nojoScheduler 		CODE           	0EEE	0000	13
		_setupTimer    		CODE           	0EA0	0000	23

../timer.c estimated size: 184

../delay.c
		_delay_queue_create		CODE           	0BDA	0000	125

../delay.c estimated size: 125

F:\Program Files (x86)\Microchip\xc8\v1.41\sources\common\Umul16.c
		___wmul        		CODE           	0D82	0000	55

F:\Program Files (x86)\Microchip\xc8\v1.41\sources\common\Umul16.c estimated size: 55

../scheduler.c
		_RR_scheduler  		CODE           	07E0	0000	177

../scheduler.c estimated size: 177

F:\Program Files (x86)\Microchip\xc8\v1.41\sources\common\llmod.c
		___llmod       		CODE           	0C56	0000	103

F:\Program Files (x86)\Microchip\xc8\v1.41\sources\common\llmod.c estimated size: 103

../kernel.c
		_Inicializa_ADC		CODE           	0ECC	0000	19
		_Init_PWM_AD   		CODE           	0F06	0000	11
		_PWM1_Init     		CODE           	0EB6	0000	23
		_nojoStart     		CODE           	0A54	0000	135
		_nojoTaskIdle  		CODE           	0EDE	0000	17
		_nojoTaskCreate		CODE           	05B2	0000	559
		_nojoDispatcher		CODE           	0092	0000	1313

../kernel.c estimated size: 2077

../tasks.c
		_modificar_temp		CODE           	09C0	0000	149
		_pisca_led_green		CODE           	0E0C	0000	39
		_mostraDisplay 		CODE           	0D4A	0000	57
		_verificarInput		CODE           	0D0C	0000	63
		_pisca_led_yellow		CODE           	0DE2	0000	43
		_botaoAumentar 		CODE           	0CBC	0000	81
		_valor_res_motor		CODE           	0890	0000	153

../tasks.c estimated size: 585

shared
		i1___wmul      		CODE           	0E32	0000	39
		i2___wmul      		CODE           	0E58	0000	39
		__initialization		CODE           	0DB8	0000	33

shared estimated size: 111

../perifericos.c
		_PWM1_value    		CODE           	0F10	0000	11
		_map           		CODE           	0928	0000	153
		_LerADC        		CODE           	0E7E	0000	35

../perifericos.c estimated size: 199

F:\Program Files (x86)\Microchip\xc8\v1.41\sources\common\awdiv.c
		___awdiv       		CODE           	0ADA	0000	133

F:\Program Files (x86)\Microchip\xc8\v1.41\sources\common\awdiv.c estimated size: 133

